// Jest Snapshot v1, https://goo.gl/fbAQLP

exports[`ColorSelector component renders an ColorSelector component 1`] = `<select />`;
