// Jest Snapshot v1, https://goo.gl/fbAQLP

exports[`App component renders an App component 1`] = `
<Fragment>
  <h1>
    Hello World
  </h1>
</Fragment>
`;
