// Jest Snapshot v1, https://goo.gl/fbAQLP

exports[`Shape component renders an Shape component 1`] = `<h1 />`;
